// Jest Snapshot v1, https://goo.gl/fbAQLP

exports[`<RequestReset /> renders correctly and matches snapshot 1`] = `
<Form
  method="post"
  onSubmit={[Function]}
>
  <form
    className="Form-sc-1xszr8q-0 krRxky"
    method="post"
    onSubmit={[Function]}
  >
    <DisplayError
      error={Object {}}
    />
    <fieldset
      aria-busy={false}
      disabled={false}
    >
      <h2>
        Request Password Reset
      </h2>
      <label
        htmlFor="email"
      >
        Email
        <input
          name="email"
          onChange={[Function]}
          type="email"
          value=""
        />
      </label>
      <input
        type="submit"
        value="Request Reset"
      />
    </fieldset>
  </form>
</Form>
`;
